
> frontend@0.0.0 build
> tsc -b && vite build

[36mvite v7.3.1 [32mbuilding client environment for production...[36m[39m
transforming...
[32mΓ£ô[39m 2579 modules transformed.
rendering chunks...
computing gzip size...
[2mdist/[22m[32mindex.html                 [39m[1m[2m  0.46 kB[22m[1m[22m[2m Γöé gzip:   0.29 kB[22m
[2mdist/[22m[35massets/index-6X9nGooW.css  [39m[1m[2m 37.97 kB[22m[1m[22m[2m Γöé gzip:   6.93 kB[22m
[2mdist/[22m[36massets/index-BLZaroo1.js   [39m[1m[33m893.12 kB[39m[22m[2m Γöé gzip: 268.97 kB[22m
node.exe : [33m
At line:1 char:1
+ & "C:\Program 
Files\nodejs/node.exe" 
"C:\Program Files\nodejs/node_mo 
...
+ ~~~~~~~~~~~~~~~~~~~~~~~~~~~~~~~~
~~~~~~~~~~~~~~~~~~~~~~~~~~~~~~~~~~
~~~
    + CategoryInfo          : Not 
   Specified: ([33m:String) [],  
   RemoteException
    + FullyQualifiedErrorId : Nat 
   iveCommandError
 
(!) Some chunks are larger than 
500 kB after minification. 
Consider:
- Using dynamic import() to 
code-split the application
- Use build.rollupOptions.output.m
anualChunks to improve chunking: h
ttps://rollupjs.org/configuration-
options/#output-manualchunks
- Adjust chunk size limit for 
this warning via 
build.chunkSizeWarningLimit.[39m
[32mΓ£ô built in 7.02s[39m
