============================= test session starts =============================
platform win32 -- Python 3.14.2, pytest-9.0.2, pluggy-1.6.0 -- C:\Users\Khine\AppData\Local\Python\pythoncore-3.14-64\python.exe
cachedir: .pytest_cache
rootdir: C:\Users\Khine\Desktop\CoreX Financial System\backend
plugins: anyio-4.12.1
collecting ... collected 9 items

tests/test_accounts.py::TestAccountCRUD::test_create_checking_account FAILED [ 11%]
tests/test_accounts.py::TestAccountCRUD::test_create_debt_auto_calculates_min_payment FAILED [ 22%]
tests/test_accounts.py::TestAccountCRUD::test_get_accounts_returns_list ERROR [ 33%]
tests/test_accounts.py::TestAccountCRUD::test_update_account_balance ERROR [ 44%]
tests/test_accounts.py::TestAccountCRUD::test_delete_account FAILED      [ 55%]
tests/test_accounts.py::TestHealthCheck::test_health_endpoint PASSED     [ 66%]
tests/test_dashboard.py::TestDashboardMetrics::test_dashboard_returns_required_fields ERROR [ 77%]
tests/test_dashboard.py::TestDashboardMetrics::test_dashboard_with_debt_shows_velocity_target ERROR [ 88%]
tests/test_dashboard.py::TestCashflowMonitor::test_monitor_returns_shape PASSED [100%]

=================================== ERRORS ====================================
______ ERROR at setup of TestAccountCRUD.test_get_accounts_returns_list _______
..\..\..\AppData\Local\Python\pythoncore-3.14-64\Lib\site-packages\sqlalchemy\engine\base.py:1967: in _exec_single_context
    self.dialect.do_execute(
..\..\..\AppData\Local\Python\pythoncore-3.14-64\Lib\site-packages\sqlalchemy\engine\default.py:952: in do_execute
    cursor.execute(statement, parameters)
E   sqlite3.OperationalError: near "SET": syntax error

The above exception was the direct cause of the following exception:
tests\conftest.py:63: in seeded_account
    resp = client.post("/api/accounts", json=account_data, headers=auth_headers)
           ^^^^^^^^^^^^^^^^^^^^^^^^^^^^^^^^^^^^^^^^^^^^^^^^^^^^^^^^^^^^^^^^^^^^^
..\..\..\AppData\Local\Python\pythoncore-3.14-64\Lib\site-packages\starlette\testclient.py:546: in post
    return super().post(
..\..\..\AppData\Local\Python\pythoncore-3.14-64\Lib\site-packages\httpx\_client.py:1144: in post
    return self.request(
..\..\..\AppData\Local\Python\pythoncore-3.14-64\Lib\site-packages\starlette\testclient.py:445: in request
    return super().request(
..\..\..\AppData\Local\Python\pythoncore-3.14-64\Lib\site-packages\httpx\_client.py:825: in request
    return self.send(request, auth=auth, follow_redirects=follow_redirects)
           ^^^^^^^^^^^^^^^^^^^^^^^^^^^^^^^^^^^^^^^^^^^^^^^^^^^^^^^^^^^^^^^^
..\..\..\AppData\Local\Python\pythoncore-3.14-64\Lib\site-packages\httpx\_client.py:914: in send
    response = self._send_handling_auth(
..\..\..\AppData\Local\Python\pythoncore-3.14-64\Lib\site-packages\httpx\_client.py:942: in _send_handling_auth
    response = self._send_handling_redirects(
..\..\..\AppData\Local\Python\pythoncore-3.14-64\Lib\site-packages\httpx\_client.py:979: in _send_handling_redirects
    response = self._send_single_request(request)
               ^^^^^^^^^^^^^^^^^^^^^^^^^^^^^^^^^^
..\..\..\AppData\Local\Python\pythoncore-3.14-64\Lib\site-packages\httpx\_client.py:1014: in _send_single_request
    response = transport.handle_request(request)
               ^^^^^^^^^^^^^^^^^^^^^^^^^^^^^^^^^
..\..\..\AppData\Local\Python\pythoncore-3.14-64\Lib\site-packages\starlette\testclient.py:348: in handle_request
    raise exc
..\..\..\AppData\Local\Python\pythoncore-3.14-64\Lib\site-packages\starlette\testclient.py:345: in handle_request
    portal.call(self.app, scope, receive, send)
..\..\..\AppData\Local\Python\pythoncore-3.14-64\Lib\site-packages\anyio\from_thread.py:334: in call
    return cast(T_Retval, self.start_task_soon(func, *args).result())
                          ^^^^^^^^^^^^^^^^^^^^^^^^^^^^^^^^^^^^^^^^^^
..\..\..\AppData\Local\Python\pythoncore-3.14-64\Lib\concurrent\futures\_base.py:450: in result
    return self.__get_result()
           ^^^^^^^^^^^^^^^^^^^
..\..\..\AppData\Local\Python\pythoncore-3.14-64\Lib\concurrent\futures\_base.py:395: in __get_result
    raise self._exception
..\..\..\AppData\Local\Python\pythoncore-3.14-64\Lib\site-packages\anyio\from_thread.py:259: in _call_func
    retval = await retval_or_awaitable
             ^^^^^^^^^^^^^^^^^^^^^^^^^
..\..\..\AppData\Local\Python\pythoncore-3.14-64\Lib\site-packages\fastapi\applications.py:1135: in __call__
    await super().__call__(scope, receive, send)
..\..\..\AppData\Local\Python\pythoncore-3.14-64\Lib\site-packages\starlette\applications.py:107: in __call__
    await self.middleware_stack(scope, receive, send)
..\..\..\AppData\Local\Python\pythoncore-3.14-64\Lib\site-packages\starlette\middleware\errors.py:186: in __call__
    raise exc
..\..\..\AppData\Local\Python\pythoncore-3.14-64\Lib\site-packages\starlette\middleware\errors.py:164: in __call__
    await self.app(scope, receive, _send)
..\..\..\AppData\Local\Python\pythoncore-3.14-64\Lib\site-packages\starlette\middleware\cors.py:85: in __call__
    await self.app(scope, receive, send)
..\..\..\AppData\Local\Python\pythoncore-3.14-64\Lib\site-packages\starlette\middleware\exceptions.py:63: in __call__
    await wrap_app_handling_exceptions(self.app, conn)(scope, receive, send)
..\..\..\AppData\Local\Python\pythoncore-3.14-64\Lib\site-packages\starlette\_exception_handler.py:53: in wrapped_app
    raise exc
..\..\..\AppData\Local\Python\pythoncore-3.14-64\Lib\site-packages\starlette\_exception_handler.py:42: in wrapped_app
    await app(scope, receive, sender)
..\..\..\AppData\Local\Python\pythoncore-3.14-64\Lib\site-packages\fastapi\middleware\asyncexitstack.py:18: in __call__
    await self.app(scope, receive, send)
..\..\..\AppData\Local\Python\pythoncore-3.14-64\Lib\site-packages\starlette\routing.py:716: in __call__
    await self.middleware_stack(scope, receive, send)
..\..\..\AppData\Local\Python\pythoncore-3.14-64\Lib\site-packages\starlette\routing.py:736: in app
    await route.handle(scope, receive, send)
..\..\..\AppData\Local\Python\pythoncore-3.14-64\Lib\site-packages\starlette\routing.py:290: in handle
    await self.app(scope, receive, send)
..\..\..\AppData\Local\Python\pythoncore-3.14-64\Lib\site-packages\fastapi\routing.py:115: in app
    await wrap_app_handling_exceptions(app, request)(scope, receive, send)
..\..\..\AppData\Local\Python\pythoncore-3.14-64\Lib\site-packages\starlette\_exception_handler.py:53: in wrapped_app
    raise exc
..\..\..\AppData\Local\Python\pythoncore-3.14-64\Lib\site-packages\starlette\_exception_handler.py:42: in wrapped_app
    await app(scope, receive, sender)
..\..\..\AppData\Local\Python\pythoncore-3.14-64\Lib\site-packages\fastapi\routing.py:101: in app
    response = await f(request)
               ^^^^^^^^^^^^^^^^
..\..\..\AppData\Local\Python\pythoncore-3.14-64\Lib\site-packages\fastapi\routing.py:355: in app
    raw_response = await run_endpoint_function(
..\..\..\AppData\Local\Python\pythoncore-3.14-64\Lib\site-packages\fastapi\routing.py:243: in run_endpoint_function
    return await dependant.call(**values)
           ^^^^^^^^^^^^^^^^^^^^^^^^^^^^^^
routers\accounts.py:36: in create_account
    with bypass_fk(session):
         ^^^^^^^^^^^^^^^^^^
..\..\..\AppData\Local\Python\pythoncore-3.14-64\Lib\contextlib.py:141: in __enter__
    return next(self.gen)
           ^^^^^^^^^^^^^^
helpers.py:21: in bypass_fk
    session.execute(text("SET session_replication_role = 'replica'"))
..\..\..\AppData\Local\Python\pythoncore-3.14-64\Lib\site-packages\sqlmodel\orm\session.py:142: in execute
    return super().execute(
..\..\..\AppData\Local\Python\pythoncore-3.14-64\Lib\site-packages\sqlalchemy\orm\session.py:2351: in execute
    return self._execute_internal(
..\..\..\AppData\Local\Python\pythoncore-3.14-64\Lib\site-packages\sqlalchemy\orm\session.py:2258: in _execute_internal
    result = conn.execute(
..\..\..\AppData\Local\Python\pythoncore-3.14-64\Lib\site-packages\sqlalchemy\engine\base.py:1419: in execute
    return meth(
..\..\..\AppData\Local\Python\pythoncore-3.14-64\Lib\site-packages\sqlalchemy\sql\elements.py:527: in _execute_on_connection
    return connection._execute_clauseelement(
..\..\..\AppData\Local\Python\pythoncore-3.14-64\Lib\site-packages\sqlalchemy\engine\base.py:1641: in _execute_clauseelement
    ret = self._execute_context(
..\..\..\AppData\Local\Python\pythoncore-3.14-64\Lib\site-packages\sqlalchemy\engine\base.py:1846: in _execute_context
    return self._exec_single_context(
..\..\..\AppData\Local\Python\pythoncore-3.14-64\Lib\site-packages\sqlalchemy\engine\base.py:1986: in _exec_single_context
    self._handle_dbapi_exception(
..\..\..\AppData\Local\Python\pythoncore-3.14-64\Lib\site-packages\sqlalchemy\engine\base.py:2363: in _handle_dbapi_exception
    raise sqlalchemy_exception.with_traceback(exc_info[2]) from e
..\..\..\AppData\Local\Python\pythoncore-3.14-64\Lib\site-packages\sqlalchemy\engine\base.py:1967: in _exec_single_context
    self.dialect.do_execute(
..\..\..\AppData\Local\Python\pythoncore-3.14-64\Lib\site-packages\sqlalchemy\engine\default.py:952: in do_execute
    cursor.execute(statement, parameters)
E   sqlalchemy.exc.OperationalError: (sqlite3.OperationalError) near "SET": syntax error
E   [SQL: SET session_replication_role = 'replica']
E   (Background on this error at: https://sqlalche.me/e/20/e3q8)
---------------------------- Captured stdout setup ----------------------------
Database already seeded.
________ ERROR at setup of TestAccountCRUD.test_update_account_balance ________
..\..\..\AppData\Local\Python\pythoncore-3.14-64\Lib\site-packages\sqlalchemy\engine\base.py:1967: in _exec_single_context
    self.dialect.do_execute(
..\..\..\AppData\Local\Python\pythoncore-3.14-64\Lib\site-packages\sqlalchemy\engine\default.py:952: in do_execute
    cursor.execute(statement, parameters)
E   sqlite3.OperationalError: near "SET": syntax error

The above exception was the direct cause of the following exception:
tests\conftest.py:63: in seeded_account
    resp = client.post("/api/accounts", json=account_data, headers=auth_headers)
           ^^^^^^^^^^^^^^^^^^^^^^^^^^^^^^^^^^^^^^^^^^^^^^^^^^^^^^^^^^^^^^^^^^^^^
..\..\..\AppData\Local\Python\pythoncore-3.14-64\Lib\site-packages\starlette\testclient.py:546: in post
    return super().post(
..\..\..\AppData\Local\Python\pythoncore-3.14-64\Lib\site-packages\httpx\_client.py:1144: in post
    return self.request(
..\..\..\AppData\Local\Python\pythoncore-3.14-64\Lib\site-packages\starlette\testclient.py:445: in request
    return super().request(
..\..\..\AppData\Local\Python\pythoncore-3.14-64\Lib\site-packages\httpx\_client.py:825: in request
    return self.send(request, auth=auth, follow_redirects=follow_redirects)
           ^^^^^^^^^^^^^^^^^^^^^^^^^^^^^^^^^^^^^^^^^^^^^^^^^^^^^^^^^^^^^^^^
..\..\..\AppData\Local\Python\pythoncore-3.14-64\Lib\site-packages\httpx\_client.py:914: in send
    response = self._send_handling_auth(
..\..\..\AppData\Local\Python\pythoncore-3.14-64\Lib\site-packages\httpx\_client.py:942: in _send_handling_auth
    response = self._send_handling_redirects(
..\..\..\AppData\Local\Python\pythoncore-3.14-64\Lib\site-packages\httpx\_client.py:979: in _send_handling_redirects
    response = self._send_single_request(request)
               ^^^^^^^^^^^^^^^^^^^^^^^^^^^^^^^^^^
..\..\..\AppData\Local\Python\pythoncore-3.14-64\Lib\site-packages\httpx\_client.py:1014: in _send_single_request
    response = transport.handle_request(request)
               ^^^^^^^^^^^^^^^^^^^^^^^^^^^^^^^^^
..\..\..\AppData\Local\Python\pythoncore-3.14-64\Lib\site-packages\starlette\testclient.py:348: in handle_request
    raise exc
..\..\..\AppData\Local\Python\pythoncore-3.14-64\Lib\site-packages\starlette\testclient.py:345: in handle_request
    portal.call(self.app, scope, receive, send)
..\..\..\AppData\Local\Python\pythoncore-3.14-64\Lib\site-packages\anyio\from_thread.py:334: in call
    return cast(T_Retval, self.start_task_soon(func, *args).result())
                          ^^^^^^^^^^^^^^^^^^^^^^^^^^^^^^^^^^^^^^^^^^
..\..\..\AppData\Local\Python\pythoncore-3.14-64\Lib\concurrent\futures\_base.py:443: in result
    return self.__get_result()
           ^^^^^^^^^^^^^^^^^^^
..\..\..\AppData\Local\Python\pythoncore-3.14-64\Lib\concurrent\futures\_base.py:395: in __get_result
    raise self._exception
..\..\..\AppData\Local\Python\pythoncore-3.14-64\Lib\site-packages\anyio\from_thread.py:259: in _call_func
    retval = await retval_or_awaitable
             ^^^^^^^^^^^^^^^^^^^^^^^^^
..\..\..\AppData\Local\Python\pythoncore-3.14-64\Lib\site-packages\fastapi\applications.py:1135: in __call__
    await super().__call__(scope, receive, send)
..\..\..\AppData\Local\Python\pythoncore-3.14-64\Lib\site-packages\starlette\applications.py:107: in __call__
    await self.middleware_stack(scope, receive, send)
..\..\..\AppData\Local\Python\pythoncore-3.14-64\Lib\site-packages\starlette\middleware\errors.py:186: in __call__
    raise exc
..\..\..\AppData\Local\Python\pythoncore-3.14-64\Lib\site-packages\starlette\middleware\errors.py:164: in __call__
    await self.app(scope, receive, _send)
..\..\..\AppData\Local\Python\pythoncore-3.14-64\Lib\site-packages\starlette\middleware\cors.py:85: in __call__
    await self.app(scope, receive, send)
..\..\..\AppData\Local\Python\pythoncore-3.14-64\Lib\site-packages\starlette\middleware\exceptions.py:63: in __call__
    await wrap_app_handling_exceptions(self.app, conn)(scope, receive, send)
..\..\..\AppData\Local\Python\pythoncore-3.14-64\Lib\site-packages\starlette\_exception_handler.py:53: in wrapped_app
    raise exc
..\..\..\AppData\Local\Python\pythoncore-3.14-64\Lib\site-packages\starlette\_exception_handler.py:42: in wrapped_app
    await app(scope, receive, sender)
..\..\..\AppData\Local\Python\pythoncore-3.14-64\Lib\site-packages\fastapi\middleware\asyncexitstack.py:18: in __call__
    await self.app(scope, receive, send)
..\..\..\AppData\Local\Python\pythoncore-3.14-64\Lib\site-packages\starlette\routing.py:716: in __call__
    await self.middleware_stack(scope, receive, send)
..\..\..\AppData\Local\Python\pythoncore-3.14-64\Lib\site-packages\starlette\routing.py:736: in app
    await route.handle(scope, receive, send)
..\..\..\AppData\Local\Python\pythoncore-3.14-64\Lib\site-packages\starlette\routing.py:290: in handle
    await self.app(scope, receive, send)
..\..\..\AppData\Local\Python\pythoncore-3.14-64\Lib\site-packages\fastapi\routing.py:115: in app
    await wrap_app_handling_exceptions(app, request)(scope, receive, send)
..\..\..\AppData\Local\Python\pythoncore-3.14-64\Lib\site-packages\starlette\_exception_handler.py:53: in wrapped_app
    raise exc
..\..\..\AppData\Local\Python\pythoncore-3.14-64\Lib\site-packages\starlette\_exception_handler.py:42: in wrapped_app
    await app(scope, receive, sender)
..\..\..\AppData\Local\Python\pythoncore-3.14-64\Lib\site-packages\fastapi\routing.py:101: in app
    response = await f(request)
               ^^^^^^^^^^^^^^^^
..\..\..\AppData\Local\Python\pythoncore-3.14-64\Lib\site-packages\fastapi\routing.py:355: in app
    raw_response = await run_endpoint_function(
..\..\..\AppData\Local\Python\pythoncore-3.14-64\Lib\site-packages\fastapi\routing.py:243: in run_endpoint_function
    return await dependant.call(**values)
           ^^^^^^^^^^^^^^^^^^^^^^^^^^^^^^
routers\accounts.py:36: in create_account
    with bypass_fk(session):
         ^^^^^^^^^^^^^^^^^^
..\..\..\AppData\Local\Python\pythoncore-3.14-64\Lib\contextlib.py:141: in __enter__
    return next(self.gen)
           ^^^^^^^^^^^^^^
helpers.py:21: in bypass_fk
    session.execute(text("SET session_replication_role = 'replica'"))
..\..\..\AppData\Local\Python\pythoncore-3.14-64\Lib\site-packages\sqlmodel\orm\session.py:142: in execute
    return super().execute(
..\..\..\AppData\Local\Python\pythoncore-3.14-64\Lib\site-packages\sqlalchemy\orm\session.py:2351: in execute
    return self._execute_internal(
..\..\..\AppData\Local\Python\pythoncore-3.14-64\Lib\site-packages\sqlalchemy\orm\session.py:2258: in _execute_internal
    result = conn.execute(
..\..\..\AppData\Local\Python\pythoncore-3.14-64\Lib\site-packages\sqlalchemy\engine\base.py:1419: in execute
    return meth(
..\..\..\AppData\Local\Python\pythoncore-3.14-64\Lib\site-packages\sqlalchemy\sql\elements.py:527: in _execute_on_connection
    return connection._execute_clauseelement(
..\..\..\AppData\Local\Python\pythoncore-3.14-64\Lib\site-packages\sqlalchemy\engine\base.py:1641: in _execute_clauseelement
    ret = self._execute_context(
..\..\..\AppData\Local\Python\pythoncore-3.14-64\Lib\site-packages\sqlalchemy\engine\base.py:1846: in _execute_context
    return self._exec_single_context(
..\..\..\AppData\Local\Python\pythoncore-3.14-64\Lib\site-packages\sqlalchemy\engine\base.py:1986: in _exec_single_context
    self._handle_dbapi_exception(
..\..\..\AppData\Local\Python\pythoncore-3.14-64\Lib\site-packages\sqlalchemy\engine\base.py:2363: in _handle_dbapi_exception
    raise sqlalchemy_exception.with_traceback(exc_info[2]) from e
..\..\..\AppData\Local\Python\pythoncore-3.14-64\Lib\site-packages\sqlalchemy\engine\base.py:1967: in _exec_single_context
    self.dialect.do_execute(
..\..\..\AppData\Local\Python\pythoncore-3.14-64\Lib\site-packages\sqlalchemy\engine\default.py:952: in do_execute
    cursor.execute(statement, parameters)
E   sqlalchemy.exc.OperationalError: (sqlite3.OperationalError) near "SET": syntax error
E   [SQL: SET session_replication_role = 'replica']
E   (Background on this error at: https://sqlalche.me/e/20/e3q8)
---------------------------- Captured stdout setup ----------------------------
Database already seeded.
_ ERROR at setup of TestDashboardMetrics.test_dashboard_returns_required_fields _
..\..\..\AppData\Local\Python\pythoncore-3.14-64\Lib\site-packages\sqlalchemy\engine\base.py:1967: in _exec_single_context
    self.dialect.do_execute(
..\..\..\AppData\Local\Python\pythoncore-3.14-64\Lib\site-packages\sqlalchemy\engine\default.py:952: in do_execute
    cursor.execute(statement, parameters)
E   sqlite3.OperationalError: near "SET": syntax error

The above exception was the direct cause of the following exception:
tests\conftest.py:63: in seeded_account
    resp = client.post("/api/accounts", json=account_data, headers=auth_headers)
           ^^^^^^^^^^^^^^^^^^^^^^^^^^^^^^^^^^^^^^^^^^^^^^^^^^^^^^^^^^^^^^^^^^^^^
..\..\..\AppData\Local\Python\pythoncore-3.14-64\Lib\site-packages\starlette\testclient.py:546: in post
    return super().post(
..\..\..\AppData\Local\Python\pythoncore-3.14-64\Lib\site-packages\httpx\_client.py:1144: in post
    return self.request(
..\..\..\AppData\Local\Python\pythoncore-3.14-64\Lib\site-packages\starlette\testclient.py:445: in request
    return super().request(
..\..\..\AppData\Local\Python\pythoncore-3.14-64\Lib\site-packages\httpx\_client.py:825: in request
    return self.send(request, auth=auth, follow_redirects=follow_redirects)
           ^^^^^^^^^^^^^^^^^^^^^^^^^^^^^^^^^^^^^^^^^^^^^^^^^^^^^^^^^^^^^^^^
..\..\..\AppData\Local\Python\pythoncore-3.14-64\Lib\site-packages\httpx\_client.py:914: in send
    response = self._send_handling_auth(
..\..\..\AppData\Local\Python\pythoncore-3.14-64\Lib\site-packages\httpx\_client.py:942: in _send_handling_auth
    response = self._send_handling_redirects(
..\..\..\AppData\Local\Python\pythoncore-3.14-64\Lib\site-packages\httpx\_client.py:979: in _send_handling_redirects
    response = self._send_single_request(request)
               ^^^^^^^^^^^^^^^^^^^^^^^^^^^^^^^^^^
..\..\..\AppData\Local\Python\pythoncore-3.14-64\Lib\site-packages\httpx\_client.py:1014: in _send_single_request
    response = transport.handle_request(request)
               ^^^^^^^^^^^^^^^^^^^^^^^^^^^^^^^^^
..\..\..\AppData\Local\Python\pythoncore-3.14-64\Lib\site-packages\starlette\testclient.py:348: in handle_request
    raise exc
..\..\..\AppData\Local\Python\pythoncore-3.14-64\Lib\site-packages\starlette\testclient.py:345: in handle_request
    portal.call(self.app, scope, receive, send)
..\..\..\AppData\Local\Python\pythoncore-3.14-64\Lib\site-packages\anyio\from_thread.py:334: in call
    return cast(T_Retval, self.start_task_soon(func, *args).result())
                          ^^^^^^^^^^^^^^^^^^^^^^^^^^^^^^^^^^^^^^^^^^
..\..\..\AppData\Local\Python\pythoncore-3.14-64\Lib\concurrent\futures\_base.py:450: in result
    return self.__get_result()
           ^^^^^^^^^^^^^^^^^^^
..\..\..\AppData\Local\Python\pythoncore-3.14-64\Lib\concurrent\futures\_base.py:395: in __get_result
    raise self._exception
..\..\..\AppData\Local\Python\pythoncore-3.14-64\Lib\site-packages\anyio\from_thread.py:259: in _call_func
    retval = await retval_or_awaitable
             ^^^^^^^^^^^^^^^^^^^^^^^^^
..\..\..\AppData\Local\Python\pythoncore-3.14-64\Lib\site-packages\fastapi\applications.py:1135: in __call__
    await super().__call__(scope, receive, send)
..\..\..\AppData\Local\Python\pythoncore-3.14-64\Lib\site-packages\starlette\applications.py:107: in __call__
    await self.middleware_stack(scope, receive, send)
..\..\..\AppData\Local\Python\pythoncore-3.14-64\Lib\site-packages\starlette\middleware\errors.py:186: in __call__
    raise exc
..\..\..\AppData\Local\Python\pythoncore-3.14-64\Lib\site-packages\starlette\middleware\errors.py:164: in __call__
    await self.app(scope, receive, _send)
..\..\..\AppData\Local\Python\pythoncore-3.14-64\Lib\site-packages\starlette\middleware\cors.py:85: in __call__
    await self.app(scope, receive, send)
..\..\..\AppData\Local\Python\pythoncore-3.14-64\Lib\site-packages\starlette\middleware\exceptions.py:63: in __call__
    await wrap_app_handling_exceptions(self.app, conn)(scope, receive, send)
..\..\..\AppData\Local\Python\pythoncore-3.14-64\Lib\site-packages\starlette\_exception_handler.py:53: in wrapped_app
    raise exc
..\..\..\AppData\Local\Python\pythoncore-3.14-64\Lib\site-packages\starlette\_exception_handler.py:42: in wrapped_app
    await app(scope, receive, sender)
..\..\..\AppData\Local\Python\pythoncore-3.14-64\Lib\site-packages\fastapi\middleware\asyncexitstack.py:18: in __call__
    await self.app(scope, receive, send)
..\..\..\AppData\Local\Python\pythoncore-3.14-64\Lib\site-packages\starlette\routing.py:716: in __call__
    await self.middleware_stack(scope, receive, send)
..\..\..\AppData\Local\Python\pythoncore-3.14-64\Lib\site-packages\starlette\routing.py:736: in app
    await route.handle(scope, receive, send)
..\..\..\AppData\Local\Python\pythoncore-3.14-64\Lib\site-packages\starlette\routing.py:290: in handle
    await self.app(scope, receive, send)
..\..\..\AppData\Local\Python\pythoncore-3.14-64\Lib\site-packages\fastapi\routing.py:115: in app
    await wrap_app_handling_exceptions(app, request)(scope, receive, send)
..\..\..\AppData\Local\Python\pythoncore-3.14-64\Lib\site-packages\starlette\_exception_handler.py:53: in wrapped_app
    raise exc
..\..\..\AppData\Local\Python\pythoncore-3.14-64\Lib\site-packages\starlette\_exception_handler.py:42: in wrapped_app
    await app(scope, receive, sender)
..\..\..\AppData\Local\Python\pythoncore-3.14-64\Lib\site-packages\fastapi\routing.py:101: in app
    response = await f(request)
               ^^^^^^^^^^^^^^^^
..\..\..\AppData\Local\Python\pythoncore-3.14-64\Lib\site-packages\fastapi\routing.py:355: in app
    raw_response = await run_endpoint_function(
..\..\..\AppData\Local\Python\pythoncore-3.14-64\Lib\site-packages\fastapi\routing.py:243: in run_endpoint_function
    return await dependant.call(**values)
           ^^^^^^^^^^^^^^^^^^^^^^^^^^^^^^
routers\accounts.py:36: in create_account
    with bypass_fk(session):
         ^^^^^^^^^^^^^^^^^^
..\..\..\AppData\Local\Python\pythoncore-3.14-64\Lib\contextlib.py:141: in __enter__
    return next(self.gen)
           ^^^^^^^^^^^^^^
helpers.py:21: in bypass_fk
    session.execute(text("SET session_replication_role = 'replica'"))
..\..\..\AppData\Local\Python\pythoncore-3.14-64\Lib\site-packages\sqlmodel\orm\session.py:142: in execute
    return super().execute(
..\..\..\AppData\Local\Python\pythoncore-3.14-64\Lib\site-packages\sqlalchemy\orm\session.py:2351: in execute
    return self._execute_internal(
..\..\..\AppData\Local\Python\pythoncore-3.14-64\Lib\site-packages\sqlalchemy\orm\session.py:2258: in _execute_internal
    result = conn.execute(
..\..\..\AppData\Local\Python\pythoncore-3.14-64\Lib\site-packages\sqlalchemy\engine\base.py:1419: in execute
    return meth(
..\..\..\AppData\Local\Python\pythoncore-3.14-64\Lib\site-packages\sqlalchemy\sql\elements.py:527: in _execute_on_connection
    return connection._execute_clauseelement(
..\..\..\AppData\Local\Python\pythoncore-3.14-64\Lib\site-packages\sqlalchemy\engine\base.py:1641: in _execute_clauseelement
    ret = self._execute_context(
..\..\..\AppData\Local\Python\pythoncore-3.14-64\Lib\site-packages\sqlalchemy\engine\base.py:1846: in _execute_context
    return self._exec_single_context(
..\..\..\AppData\Local\Python\pythoncore-3.14-64\Lib\site-packages\sqlalchemy\engine\base.py:1986: in _exec_single_context
    self._handle_dbapi_exception(
..\..\..\AppData\Local\Python\pythoncore-3.14-64\Lib\site-packages\sqlalchemy\engine\base.py:2363: in _handle_dbapi_exception
    raise sqlalchemy_exception.with_traceback(exc_info[2]) from e
..\..\..\AppData\Local\Python\pythoncore-3.14-64\Lib\site-packages\sqlalchemy\engine\base.py:1967: in _exec_single_context
    self.dialect.do_execute(
..\..\..\AppData\Local\Python\pythoncore-3.14-64\Lib\site-packages\sqlalchemy\engine\default.py:952: in do_execute
    cursor.execute(statement, parameters)
E   sqlalchemy.exc.OperationalError: (sqlite3.OperationalError) near "SET": syntax error
E   [SQL: SET session_replication_role = 'replica']
E   (Background on this error at: https://sqlalche.me/e/20/e3q8)
---------------------------- Captured stdout setup ----------------------------
Database already seeded.
_ ERROR at setup of TestDashboardMetrics.test_dashboard_with_debt_shows_velocity_target _
tests\conftest.py:79: in seeded_debt_account
    resp = client.post("/api/accounts", json=account_data, headers=auth_headers)
           ^^^^^^^^^^^^^^^^^^^^^^^^^^^^^^^^^^^^^^^^^^^^^^^^^^^^^^^^^^^^^^^^^^^^^
..\..\..\AppData\Local\Python\pythoncore-3.14-64\Lib\site-packages\starlette\testclient.py:546: in post
    return super().post(
..\..\..\AppData\Local\Python\pythoncore-3.14-64\Lib\site-packages\httpx\_client.py:1144: in post
    return self.request(
..\..\..\AppData\Local\Python\pythoncore-3.14-64\Lib\site-packages\starlette\testclient.py:445: in request
    return super().request(
..\..\..\AppData\Local\Python\pythoncore-3.14-64\Lib\site-packages\httpx\_client.py:825: in request
    return self.send(request, auth=auth, follow_redirects=follow_redirects)
           ^^^^^^^^^^^^^^^^^^^^^^^^^^^^^^^^^^^^^^^^^^^^^^^^^^^^^^^^^^^^^^^^
..\..\..\AppData\Local\Python\pythoncore-3.14-64\Lib\site-packages\httpx\_client.py:914: in send
    response = self._send_handling_auth(
..\..\..\AppData\Local\Python\pythoncore-3.14-64\Lib\site-packages\httpx\_client.py:942: in _send_handling_auth
    response = self._send_handling_redirects(
..\..\..\AppData\Local\Python\pythoncore-3.14-64\Lib\site-packages\httpx\_client.py:979: in _send_handling_redirects
    response = self._send_single_request(request)
               ^^^^^^^^^^^^^^^^^^^^^^^^^^^^^^^^^^
..\..\..\AppData\Local\Python\pythoncore-3.14-64\Lib\site-packages\httpx\_client.py:1014: in _send_single_request
    response = transport.handle_request(request)
               ^^^^^^^^^^^^^^^^^^^^^^^^^^^^^^^^^
..\..\..\AppData\Local\Python\pythoncore-3.14-64\Lib\site-packages\starlette\testclient.py:348: in handle_request
    raise exc
..\..\..\AppData\Local\Python\pythoncore-3.14-64\Lib\site-packages\starlette\testclient.py:345: in handle_request
    portal.call(self.app, scope, receive, send)
..\..\..\AppData\Local\Python\pythoncore-3.14-64\Lib\site-packages\anyio\from_thread.py:334: in call
    return cast(T_Retval, self.start_task_soon(func, *args).result())
                          ^^^^^^^^^^^^^^^^^^^^^^^^^^^^^^^^^^^^^^^^^^
..\..\..\AppData\Local\Python\pythoncore-3.14-64\Lib\concurrent\futures\_base.py:450: in result
    return self.__get_result()
           ^^^^^^^^^^^^^^^^^^^
..\..\..\AppData\Local\Python\pythoncore-3.14-64\Lib\concurrent\futures\_base.py:395: in __get_result
    raise self._exception
..\..\..\AppData\Local\Python\pythoncore-3.14-64\Lib\site-packages\anyio\from_thread.py:259: in _call_func
    retval = await retval_or_awaitable
             ^^^^^^^^^^^^^^^^^^^^^^^^^
..\..\..\AppData\Local\Python\pythoncore-3.14-64\Lib\site-packages\fastapi\applications.py:1135: in __call__
    await super().__call__(scope, receive, send)
..\..\..\AppData\Local\Python\pythoncore-3.14-64\Lib\site-packages\starlette\applications.py:107: in __call__
    await self.middleware_stack(scope, receive, send)
..\..\..\AppData\Local\Python\pythoncore-3.14-64\Lib\site-packages\starlette\middleware\errors.py:186: in __call__
    raise exc
..\..\..\AppData\Local\Python\pythoncore-3.14-64\Lib\site-packages\starlette\middleware\errors.py:164: in __call__
    await self.app(scope, receive, _send)
..\..\..\AppData\Local\Python\pythoncore-3.14-64\Lib\site-packages\starlette\middleware\cors.py:85: in __call__
    await self.app(scope, receive, send)
..\..\..\AppData\Local\Python\pythoncore-3.14-64\Lib\site-packages\starlette\middleware\exceptions.py:63: in __call__
    await wrap_app_handling_exceptions(self.app, conn)(scope, receive, send)
..\..\..\AppData\Local\Python\pythoncore-3.14-64\Lib\site-packages\starlette\_exception_handler.py:53: in wrapped_app
    raise exc
..\..\..\AppData\Local\Python\pythoncore-3.14-64\Lib\site-packages\starlette\_exception_handler.py:42: in wrapped_app
    await app(scope, receive, sender)
..\..\..\AppData\Local\Python\pythoncore-3.14-64\Lib\site-packages\fastapi\middleware\asyncexitstack.py:18: in __call__
    await self.app(scope, receive, send)
..\..\..\AppData\Local\Python\pythoncore-3.14-64\Lib\site-packages\starlette\routing.py:716: in __call__
    await self.middleware_stack(scope, receive, send)
..\..\..\AppData\Local\Python\pythoncore-3.14-64\Lib\site-packages\starlette\routing.py:736: in app
    await route.handle(scope, receive, send)
..\..\..\AppData\Local\Python\pythoncore-3.14-64\Lib\site-packages\starlette\routing.py:290: in handle
    await self.app(scope, receive, send)
..\..\..\AppData\Local\Python\pythoncore-3.14-64\Lib\site-packages\fastapi\routing.py:115: in app
    await wrap_app_handling_exceptions(app, request)(scope, receive, send)
..\..\..\AppData\Local\Python\pythoncore-3.14-64\Lib\site-packages\starlette\_exception_handler.py:53: in wrapped_app
    raise exc
..\..\..\AppData\Local\Python\pythoncore-3.14-64\Lib\site-packages\starlette\_exception_handler.py:42: in wrapped_app
    await app(scope, receive, sender)
..\..\..\AppData\Local\Python\pythoncore-3.14-64\Lib\site-packages\fastapi\routing.py:101: in app
    response = await f(request)
               ^^^^^^^^^^^^^^^^
..\..\..\AppData\Local\Python\pythoncore-3.14-64\Lib\site-packages\fastapi\routing.py:355: in app
    raw_response = await run_endpoint_function(
..\..\..\AppData\Local\Python\pythoncore-3.14-64\Lib\site-packages\fastapi\routing.py:243: in run_endpoint_function
    return await dependant.call(**values)
           ^^^^^^^^^^^^^^^^^^^^^^^^^^^^^^
routers\accounts.py:34: in create_account
    account.min_payment = calculate_minimum_payment(account.balance, account.interest_rate)
                          ^^^^^^^^^^^^^^^^^^^^^^^^^^^^^^^^^^^^^^^^^^^^^^^^^^^^^^^^^^^^^^^^^
..\core_engine\calculators.py:27: in calculate_minimum_payment
    monthly_rate = apr / Decimal("100") / Decimal("12")
                   ^^^^^^^^^^^^^^^^^^^^
E   TypeError: unsupported operand type(s) for /: 'float' and 'decimal.Decimal'
---------------------------- Captured stdout setup ----------------------------
Database already seeded.
================================== FAILURES ===================================
________________ TestAccountCRUD.test_create_checking_account _________________
..\..\..\AppData\Local\Python\pythoncore-3.14-64\Lib\site-packages\sqlalchemy\engine\base.py:1967: in _exec_single_context
    self.dialect.do_execute(
..\..\..\AppData\Local\Python\pythoncore-3.14-64\Lib\site-packages\sqlalchemy\engine\default.py:952: in do_execute
    cursor.execute(statement, parameters)
E   sqlite3.OperationalError: near "SET": syntax error

The above exception was the direct cause of the following exception:
tests\test_accounts.py:11: in test_create_checking_account
    resp = client.post("/api/accounts", json={
..\..\..\AppData\Local\Python\pythoncore-3.14-64\Lib\site-packages\starlette\testclient.py:546: in post
    return super().post(
..\..\..\AppData\Local\Python\pythoncore-3.14-64\Lib\site-packages\httpx\_client.py:1144: in post
    return self.request(
..\..\..\AppData\Local\Python\pythoncore-3.14-64\Lib\site-packages\starlette\testclient.py:445: in request
    return super().request(
..\..\..\AppData\Local\Python\pythoncore-3.14-64\Lib\site-packages\httpx\_client.py:825: in request
    return self.send(request, auth=auth, follow_redirects=follow_redirects)
           ^^^^^^^^^^^^^^^^^^^^^^^^^^^^^^^^^^^^^^^^^^^^^^^^^^^^^^^^^^^^^^^^
..\..\..\AppData\Local\Python\pythoncore-3.14-64\Lib\site-packages\httpx\_client.py:914: in send
    response = self._send_handling_auth(
..\..\..\AppData\Local\Python\pythoncore-3.14-64\Lib\site-packages\httpx\_client.py:942: in _send_handling_auth
    response = self._send_handling_redirects(
..\..\..\AppData\Local\Python\pythoncore-3.14-64\Lib\site-packages\httpx\_client.py:979: in _send_handling_redirects
    response = self._send_single_request(request)
               ^^^^^^^^^^^^^^^^^^^^^^^^^^^^^^^^^^
..\..\..\AppData\Local\Python\pythoncore-3.14-64\Lib\site-packages\httpx\_client.py:1014: in _send_single_request
    response = transport.handle_request(request)
               ^^^^^^^^^^^^^^^^^^^^^^^^^^^^^^^^^
..\..\..\AppData\Local\Python\pythoncore-3.14-64\Lib\site-packages\starlette\testclient.py:348: in handle_request
    raise exc
..\..\..\AppData\Local\Python\pythoncore-3.14-64\Lib\site-packages\starlette\testclient.py:345: in handle_request
    portal.call(self.app, scope, receive, send)
..\..\..\AppData\Local\Python\pythoncore-3.14-64\Lib\site-packages\anyio\from_thread.py:334: in call
    return cast(T_Retval, self.start_task_soon(func, *args).result())
                          ^^^^^^^^^^^^^^^^^^^^^^^^^^^^^^^^^^^^^^^^^^
..\..\..\AppData\Local\Python\pythoncore-3.14-64\Lib\concurrent\futures\_base.py:450: in result
    return self.__get_result()
           ^^^^^^^^^^^^^^^^^^^
..\..\..\AppData\Local\Python\pythoncore-3.14-64\Lib\concurrent\futures\_base.py:395: in __get_result
    raise self._exception
..\..\..\AppData\Local\Python\pythoncore-3.14-64\Lib\site-packages\anyio\from_thread.py:259: in _call_func
    retval = await retval_or_awaitable
             ^^^^^^^^^^^^^^^^^^^^^^^^^
..\..\..\AppData\Local\Python\pythoncore-3.14-64\Lib\site-packages\fastapi\applications.py:1135: in __call__
    await super().__call__(scope, receive, send)
..\..\..\AppData\Local\Python\pythoncore-3.14-64\Lib\site-packages\starlette\applications.py:107: in __call__
    await self.middleware_stack(scope, receive, send)
..\..\..\AppData\Local\Python\pythoncore-3.14-64\Lib\site-packages\starlette\middleware\errors.py:186: in __call__
    raise exc
..\..\..\AppData\Local\Python\pythoncore-3.14-64\Lib\site-packages\starlette\middleware\errors.py:164: in __call__
    await self.app(scope, receive, _send)
..\..\..\AppData\Local\Python\pythoncore-3.14-64\Lib\site-packages\starlette\middleware\cors.py:85: in __call__
    await self.app(scope, receive, send)
..\..\..\AppData\Local\Python\pythoncore-3.14-64\Lib\site-packages\starlette\middleware\exceptions.py:63: in __call__
    await wrap_app_handling_exceptions(self.app, conn)(scope, receive, send)
..\..\..\AppData\Local\Python\pythoncore-3.14-64\Lib\site-packages\starlette\_exception_handler.py:53: in wrapped_app
    raise exc
..\..\..\AppData\Local\Python\pythoncore-3.14-64\Lib\site-packages\starlette\_exception_handler.py:42: in wrapped_app
    await app(scope, receive, sender)
..\..\..\AppData\Local\Python\pythoncore-3.14-64\Lib\site-packages\fastapi\middleware\asyncexitstack.py:18: in __call__
    await self.app(scope, receive, send)
..\..\..\AppData\Local\Python\pythoncore-3.14-64\Lib\site-packages\starlette\routing.py:716: in __call__
    await self.middleware_stack(scope, receive, send)
..\..\..\AppData\Local\Python\pythoncore-3.14-64\Lib\site-packages\starlette\routing.py:736: in app
    await route.handle(scope, receive, send)
..\..\..\AppData\Local\Python\pythoncore-3.14-64\Lib\site-packages\starlette\routing.py:290: in handle
    await self.app(scope, receive, send)
..\..\..\AppData\Local\Python\pythoncore-3.14-64\Lib\site-packages\fastapi\routing.py:115: in app
    await wrap_app_handling_exceptions(app, request)(scope, receive, send)
..\..\..\AppData\Local\Python\pythoncore-3.14-64\Lib\site-packages\starlette\_exception_handler.py:53: in wrapped_app
    raise exc
..\..\..\AppData\Local\Python\pythoncore-3.14-64\Lib\site-packages\starlette\_exception_handler.py:42: in wrapped_app
    await app(scope, receive, sender)
..\..\..\AppData\Local\Python\pythoncore-3.14-64\Lib\site-packages\fastapi\routing.py:101: in app
    response = await f(request)
               ^^^^^^^^^^^^^^^^
..\..\..\AppData\Local\Python\pythoncore-3.14-64\Lib\site-packages\fastapi\routing.py:355: in app
    raw_response = await run_endpoint_function(
..\..\..\AppData\Local\Python\pythoncore-3.14-64\Lib\site-packages\fastapi\routing.py:243: in run_endpoint_function
    return await dependant.call(**values)
           ^^^^^^^^^^^^^^^^^^^^^^^^^^^^^^
routers\accounts.py:36: in create_account
    with bypass_fk(session):
         ^^^^^^^^^^^^^^^^^^
..\..\..\AppData\Local\Python\pythoncore-3.14-64\Lib\contextlib.py:141: in __enter__
    return next(self.gen)
           ^^^^^^^^^^^^^^
helpers.py:21: in bypass_fk
    session.execute(text("SET session_replication_role = 'replica'"))
..\..\..\AppData\Local\Python\pythoncore-3.14-64\Lib\site-packages\sqlmodel\orm\session.py:142: in execute
    return super().execute(
..\..\..\AppData\Local\Python\pythoncore-3.14-64\Lib\site-packages\sqlalchemy\orm\session.py:2351: in execute
    return self._execute_internal(
..\..\..\AppData\Local\Python\pythoncore-3.14-64\Lib\site-packages\sqlalchemy\orm\session.py:2258: in _execute_internal
    result = conn.execute(
..\..\..\AppData\Local\Python\pythoncore-3.14-64\Lib\site-packages\sqlalchemy\engine\base.py:1419: in execute
    return meth(
..\..\..\AppData\Local\Python\pythoncore-3.14-64\Lib\site-packages\sqlalchemy\sql\elements.py:527: in _execute_on_connection
    return connection._execute_clauseelement(
..\..\..\AppData\Local\Python\pythoncore-3.14-64\Lib\site-packages\sqlalchemy\engine\base.py:1641: in _execute_clauseelement
    ret = self._execute_context(
..\..\..\AppData\Local\Python\pythoncore-3.14-64\Lib\site-packages\sqlalchemy\engine\base.py:1846: in _execute_context
    return self._exec_single_context(
..\..\..\AppData\Local\Python\pythoncore-3.14-64\Lib\site-packages\sqlalchemy\engine\base.py:1986: in _exec_single_context
    self._handle_dbapi_exception(
..\..\..\AppData\Local\Python\pythoncore-3.14-64\Lib\site-packages\sqlalchemy\engine\base.py:2363: in _handle_dbapi_exception
    raise sqlalchemy_exception.with_traceback(exc_info[2]) from e
..\..\..\AppData\Local\Python\pythoncore-3.14-64\Lib\site-packages\sqlalchemy\engine\base.py:1967: in _exec_single_context
    self.dialect.do_execute(
..\..\..\AppData\Local\Python\pythoncore-3.14-64\Lib\site-packages\sqlalchemy\engine\default.py:952: in do_execute
    cursor.execute(statement, parameters)
E   sqlalchemy.exc.OperationalError: (sqlite3.OperationalError) near "SET": syntax error
E   [SQL: SET session_replication_role = 'replica']
E   (Background on this error at: https://sqlalche.me/e/20/e3q8)
---------------------------- Captured stdout setup ----------------------------
Running Seed Data...
Seed Data Completed! (User Initialized)
________ TestAccountCRUD.test_create_debt_auto_calculates_min_payment _________
tests\test_accounts.py:27: in test_create_debt_auto_calculates_min_payment
    resp = client.post("/api/accounts", json={
..\..\..\AppData\Local\Python\pythoncore-3.14-64\Lib\site-packages\starlette\testclient.py:546: in post
    return super().post(
..\..\..\AppData\Local\Python\pythoncore-3.14-64\Lib\site-packages\httpx\_client.py:1144: in post
    return self.request(
..\..\..\AppData\Local\Python\pythoncore-3.14-64\Lib\site-packages\starlette\testclient.py:445: in request
    return super().request(
..\..\..\AppData\Local\Python\pythoncore-3.14-64\Lib\site-packages\httpx\_client.py:825: in request
    return self.send(request, auth=auth, follow_redirects=follow_redirects)
           ^^^^^^^^^^^^^^^^^^^^^^^^^^^^^^^^^^^^^^^^^^^^^^^^^^^^^^^^^^^^^^^^
..\..\..\AppData\Local\Python\pythoncore-3.14-64\Lib\site-packages\httpx\_client.py:914: in send
    response = self._send_handling_auth(
..\..\..\AppData\Local\Python\pythoncore-3.14-64\Lib\site-packages\httpx\_client.py:942: in _send_handling_auth
    response = self._send_handling_redirects(
..\..\..\AppData\Local\Python\pythoncore-3.14-64\Lib\site-packages\httpx\_client.py:979: in _send_handling_redirects
    response = self._send_single_request(request)
               ^^^^^^^^^^^^^^^^^^^^^^^^^^^^^^^^^^
..\..\..\AppData\Local\Python\pythoncore-3.14-64\Lib\site-packages\httpx\_client.py:1014: in _send_single_request
    response = transport.handle_request(request)
               ^^^^^^^^^^^^^^^^^^^^^^^^^^^^^^^^^
..\..\..\AppData\Local\Python\pythoncore-3.14-64\Lib\site-packages\starlette\testclient.py:348: in handle_request
    raise exc
..\..\..\AppData\Local\Python\pythoncore-3.14-64\Lib\site-packages\starlette\testclient.py:345: in handle_request
    portal.call(self.app, scope, receive, send)
..\..\..\AppData\Local\Python\pythoncore-3.14-64\Lib\site-packages\anyio\from_thread.py:334: in call
    return cast(T_Retval, self.start_task_soon(func, *args).result())
                          ^^^^^^^^^^^^^^^^^^^^^^^^^^^^^^^^^^^^^^^^^^
..\..\..\AppData\Local\Python\pythoncore-3.14-64\Lib\concurrent\futures\_base.py:443: in result
    return self.__get_result()
           ^^^^^^^^^^^^^^^^^^^
..\..\..\AppData\Local\Python\pythoncore-3.14-64\Lib\concurrent\futures\_base.py:395: in __get_result
    raise self._exception
..\..\..\AppData\Local\Python\pythoncore-3.14-64\Lib\site-packages\anyio\from_thread.py:259: in _call_func
    retval = await retval_or_awaitable
             ^^^^^^^^^^^^^^^^^^^^^^^^^
..\..\..\AppData\Local\Python\pythoncore-3.14-64\Lib\site-packages\fastapi\applications.py:1135: in __call__
    await super().__call__(scope, receive, send)
..\..\..\AppData\Local\Python\pythoncore-3.14-64\Lib\site-packages\starlette\applications.py:107: in __call__
    await self.middleware_stack(scope, receive, send)
..\..\..\AppData\Local\Python\pythoncore-3.14-64\Lib\site-packages\starlette\middleware\errors.py:186: in __call__
    raise exc
..\..\..\AppData\Local\Python\pythoncore-3.14-64\Lib\site-packages\starlette\middleware\errors.py:164: in __call__
    await self.app(scope, receive, _send)
..\..\..\AppData\Local\Python\pythoncore-3.14-64\Lib\site-packages\starlette\middleware\cors.py:85: in __call__
    await self.app(scope, receive, send)
..\..\..\AppData\Local\Python\pythoncore-3.14-64\Lib\site-packages\starlette\middleware\exceptions.py:63: in __call__
    await wrap_app_handling_exceptions(self.app, conn)(scope, receive, send)
..\..\..\AppData\Local\Python\pythoncore-3.14-64\Lib\site-packages\starlette\_exception_handler.py:53: in wrapped_app
    raise exc
..\..\..\AppData\Local\Python\pythoncore-3.14-64\Lib\site-packages\starlette\_exception_handler.py:42: in wrapped_app
    await app(scope, receive, sender)
..\..\..\AppData\Local\Python\pythoncore-3.14-64\Lib\site-packages\fastapi\middleware\asyncexitstack.py:18: in __call__
    await self.app(scope, receive, send)
..\..\..\AppData\Local\Python\pythoncore-3.14-64\Lib\site-packages\starlette\routing.py:716: in __call__
    await self.middleware_stack(scope, receive, send)
..\..\..\AppData\Local\Python\pythoncore-3.14-64\Lib\site-packages\starlette\routing.py:736: in app
    await route.handle(scope, receive, send)
..\..\..\AppData\Local\Python\pythoncore-3.14-64\Lib\site-packages\starlette\routing.py:290: in handle
    await self.app(scope, receive, send)
..\..\..\AppData\Local\Python\pythoncore-3.14-64\Lib\site-packages\fastapi\routing.py:115: in app
    await wrap_app_handling_exceptions(app, request)(scope, receive, send)
..\..\..\AppData\Local\Python\pythoncore-3.14-64\Lib\site-packages\starlette\_exception_handler.py:53: in wrapped_app
    raise exc
..\..\..\AppData\Local\Python\pythoncore-3.14-64\Lib\site-packages\starlette\_exception_handler.py:42: in wrapped_app
    await app(scope, receive, sender)
..\..\..\AppData\Local\Python\pythoncore-3.14-64\Lib\site-packages\fastapi\routing.py:101: in app
    response = await f(request)
               ^^^^^^^^^^^^^^^^
..\..\..\AppData\Local\Python\pythoncore-3.14-64\Lib\site-packages\fastapi\routing.py:355: in app
    raw_response = await run_endpoint_function(
..\..\..\AppData\Local\Python\pythoncore-3.14-64\Lib\site-packages\fastapi\routing.py:243: in run_endpoint_function
    return await dependant.call(**values)
           ^^^^^^^^^^^^^^^^^^^^^^^^^^^^^^
routers\accounts.py:34: in create_account
    account.min_payment = calculate_minimum_payment(account.balance, account.interest_rate)
                          ^^^^^^^^^^^^^^^^^^^^^^^^^^^^^^^^^^^^^^^^^^^^^^^^^^^^^^^^^^^^^^^^^
..\core_engine\calculators.py:27: in calculate_minimum_payment
    monthly_rate = apr / Decimal("100") / Decimal("12")
                   ^^^^^^^^^^^^^^^^^^^^
E   TypeError: unsupported operand type(s) for /: 'float' and 'decimal.Decimal'
---------------------------- Captured stdout setup ----------------------------
Database already seeded.
_____________________ TestAccountCRUD.test_delete_account _____________________
..\..\..\AppData\Local\Python\pythoncore-3.14-64\Lib\site-packages\sqlalchemy\engine\base.py:1967: in _exec_single_context
    self.dialect.do_execute(
..\..\..\AppData\Local\Python\pythoncore-3.14-64\Lib\site-packages\sqlalchemy\engine\default.py:952: in do_execute
    cursor.execute(statement, parameters)
E   sqlite3.OperationalError: near "SET": syntax error

The above exception was the direct cause of the following exception:
tests\test_accounts.py:58: in test_delete_account
    create_resp = client.post("/api/accounts", json={
..\..\..\AppData\Local\Python\pythoncore-3.14-64\Lib\site-packages\starlette\testclient.py:546: in post
    return super().post(
..\..\..\AppData\Local\Python\pythoncore-3.14-64\Lib\site-packages\httpx\_client.py:1144: in post
    return self.request(
..\..\..\AppData\Local\Python\pythoncore-3.14-64\Lib\site-packages\starlette\testclient.py:445: in request
    return super().request(
..\..\..\AppData\Local\Python\pythoncore-3.14-64\Lib\site-packages\httpx\_client.py:825: in request
    return self.send(request, auth=auth, follow_redirects=follow_redirects)
           ^^^^^^^^^^^^^^^^^^^^^^^^^^^^^^^^^^^^^^^^^^^^^^^^^^^^^^^^^^^^^^^^
..\..\..\AppData\Local\Python\pythoncore-3.14-64\Lib\site-packages\httpx\_client.py:914: in send
    response = self._send_handling_auth(
..\..\..\AppData\Local\Python\pythoncore-3.14-64\Lib\site-packages\httpx\_client.py:942: in _send_handling_auth
    response = self._send_handling_redirects(
..\..\..\AppData\Local\Python\pythoncore-3.14-64\Lib\site-packages\httpx\_client.py:979: in _send_handling_redirects
    response = self._send_single_request(request)
               ^^^^^^^^^^^^^^^^^^^^^^^^^^^^^^^^^^
..\..\..\AppData\Local\Python\pythoncore-3.14-64\Lib\site-packages\httpx\_client.py:1014: in _send_single_request
    response = transport.handle_request(request)
               ^^^^^^^^^^^^^^^^^^^^^^^^^^^^^^^^^
..\..\..\AppData\Local\Python\pythoncore-3.14-64\Lib\site-packages\starlette\testclient.py:348: in handle_request
    raise exc
..\..\..\AppData\Local\Python\pythoncore-3.14-64\Lib\site-packages\starlette\testclient.py:345: in handle_request
    portal.call(self.app, scope, receive, send)
..\..\..\AppData\Local\Python\pythoncore-3.14-64\Lib\site-packages\anyio\from_thread.py:334: in call
    return cast(T_Retval, self.start_task_soon(func, *args).result())
                          ^^^^^^^^^^^^^^^^^^^^^^^^^^^^^^^^^^^^^^^^^^
..\..\..\AppData\Local\Python\pythoncore-3.14-64\Lib\concurrent\futures\_base.py:450: in result
    return self.__get_result()
           ^^^^^^^^^^^^^^^^^^^
..\..\..\AppData\Local\Python\pythoncore-3.14-64\Lib\concurrent\futures\_base.py:395: in __get_result
    raise self._exception
..\..\..\AppData\Local\Python\pythoncore-3.14-64\Lib\site-packages\anyio\from_thread.py:259: in _call_func
    retval = await retval_or_awaitable
             ^^^^^^^^^^^^^^^^^^^^^^^^^
..\..\..\AppData\Local\Python\pythoncore-3.14-64\Lib\site-packages\fastapi\applications.py:1135: in __call__
    await super().__call__(scope, receive, send)
..\..\..\AppData\Local\Python\pythoncore-3.14-64\Lib\site-packages\starlette\applications.py:107: in __call__
    await self.middleware_stack(scope, receive, send)
..\..\..\AppData\Local\Python\pythoncore-3.14-64\Lib\site-packages\starlette\middleware\errors.py:186: in __call__
    raise exc
..\..\..\AppData\Local\Python\pythoncore-3.14-64\Lib\site-packages\starlette\middleware\errors.py:164: in __call__
    await self.app(scope, receive, _send)
..\..\..\AppData\Local\Python\pythoncore-3.14-64\Lib\site-packages\starlette\middleware\cors.py:85: in __call__
    await self.app(scope, receive, send)
..\..\..\AppData\Local\Python\pythoncore-3.14-64\Lib\site-packages\starlette\middleware\exceptions.py:63: in __call__
    await wrap_app_handling_exceptions(self.app, conn)(scope, receive, send)
..\..\..\AppData\Local\Python\pythoncore-3.14-64\Lib\site-packages\starlette\_exception_handler.py:53: in wrapped_app
    raise exc
..\..\..\AppData\Local\Python\pythoncore-3.14-64\Lib\site-packages\starlette\_exception_handler.py:42: in wrapped_app
    await app(scope, receive, sender)
..\..\..\AppData\Local\Python\pythoncore-3.14-64\Lib\site-packages\fastapi\middleware\asyncexitstack.py:18: in __call__
    await self.app(scope, receive, send)
..\..\..\AppData\Local\Python\pythoncore-3.14-64\Lib\site-packages\starlette\routing.py:716: in __call__
    await self.middleware_stack(scope, receive, send)
..\..\..\AppData\Local\Python\pythoncore-3.14-64\Lib\site-packages\starlette\routing.py:736: in app
    await route.handle(scope, receive, send)
..\..\..\AppData\Local\Python\pythoncore-3.14-64\Lib\site-packages\starlette\routing.py:290: in handle
    await self.app(scope, receive, send)
..\..\..\AppData\Local\Python\pythoncore-3.14-64\Lib\site-packages\fastapi\routing.py:115: in app
    await wrap_app_handling_exceptions(app, request)(scope, receive, send)
..\..\..\AppData\Local\Python\pythoncore-3.14-64\Lib\site-packages\starlette\_exception_handler.py:53: in wrapped_app
    raise exc
..\..\..\AppData\Local\Python\pythoncore-3.14-64\Lib\site-packages\starlette\_exception_handler.py:42: in wrapped_app
    await app(scope, receive, sender)
..\..\..\AppData\Local\Python\pythoncore-3.14-64\Lib\site-packages\fastapi\routing.py:101: in app
    response = await f(request)
               ^^^^^^^^^^^^^^^^
..\..\..\AppData\Local\Python\pythoncore-3.14-64\Lib\site-packages\fastapi\routing.py:355: in app
    raw_response = await run_endpoint_function(
..\..\..\AppData\Local\Python\pythoncore-3.14-64\Lib\site-packages\fastapi\routing.py:243: in run_endpoint_function
    return await dependant.call(**values)
           ^^^^^^^^^^^^^^^^^^^^^^^^^^^^^^
routers\accounts.py:36: in create_account
    with bypass_fk(session):
         ^^^^^^^^^^^^^^^^^^
..\..\..\AppData\Local\Python\pythoncore-3.14-64\Lib\contextlib.py:141: in __enter__
    return next(self.gen)
           ^^^^^^^^^^^^^^
helpers.py:21: in bypass_fk
    session.execute(text("SET session_replication_role = 'replica'"))
..\..\..\AppData\Local\Python\pythoncore-3.14-64\Lib\site-packages\sqlmodel\orm\session.py:142: in execute
    return super().execute(
..\..\..\AppData\Local\Python\pythoncore-3.14-64\Lib\site-packages\sqlalchemy\orm\session.py:2351: in execute
    return self._execute_internal(
..\..\..\AppData\Local\Python\pythoncore-3.14-64\Lib\site-packages\sqlalchemy\orm\session.py:2258: in _execute_internal
    result = conn.execute(
..\..\..\AppData\Local\Python\pythoncore-3.14-64\Lib\site-packages\sqlalchemy\engine\base.py:1419: in execute
    return meth(
..\..\..\AppData\Local\Python\pythoncore-3.14-64\Lib\site-packages\sqlalchemy\sql\elements.py:527: in _execute_on_connection
    return connection._execute_clauseelement(
..\..\..\AppData\Local\Python\pythoncore-3.14-64\Lib\site-packages\sqlalchemy\engine\base.py:1641: in _execute_clauseelement
    ret = self._execute_context(
..\..\..\AppData\Local\Python\pythoncore-3.14-64\Lib\site-packages\sqlalchemy\engine\base.py:1846: in _execute_context
    return self._exec_single_context(
..\..\..\AppData\Local\Python\pythoncore-3.14-64\Lib\site-packages\sqlalchemy\engine\base.py:1986: in _exec_single_context
    self._handle_dbapi_exception(
..\..\..\AppData\Local\Python\pythoncore-3.14-64\Lib\site-packages\sqlalchemy\engine\base.py:2363: in _handle_dbapi_exception
    raise sqlalchemy_exception.with_traceback(exc_info[2]) from e
..\..\..\AppData\Local\Python\pythoncore-3.14-64\Lib\site-packages\sqlalchemy\engine\base.py:1967: in _exec_single_context
    self.dialect.do_execute(
..\..\..\AppData\Local\Python\pythoncore-3.14-64\Lib\site-packages\sqlalchemy\engine\default.py:952: in do_execute
    cursor.execute(statement, parameters)
E   sqlalchemy.exc.OperationalError: (sqlite3.OperationalError) near "SET": syntax error
E   [SQL: SET session_replication_role = 'replica']
E   (Background on this error at: https://sqlalche.me/e/20/e3q8)
---------------------------- Captured stdout setup ----------------------------
Database already seeded.
============================== warnings summary ===============================
main.py:37
  C:\Users\Khine\Desktop\CoreX Financial System\backend\tests\..\main.py:37: DeprecationWarning: 
          on_event is deprecated, use lifespan event handlers instead.
  
          Read more about it in the
          [FastAPI docs for Lifespan Events](https://fastapi.tiangolo.com/advanced/events/).
          
    @app.on_event("startup")

..\..\..\AppData\Local\Python\pythoncore-3.14-64\Lib\site-packages\fastapi\applications.py:4576
  C:\Users\Khine\AppData\Local\Python\pythoncore-3.14-64\Lib\site-packages\fastapi\applications.py:4576: DeprecationWarning: 
          on_event is deprecated, use lifespan event handlers instead.
  
          Read more about it in the
          [FastAPI docs for Lifespan Events](https://fastapi.tiangolo.com/advanced/events/).
          
    return self.router.on_event(event_type)

tests/test_dashboard.py::TestCashflowMonitor::test_monitor_returns_shape
  C:\Users\Khine\AppData\Local\Python\pythoncore-3.14-64\Lib\site-packages\sqlalchemy\engine\default.py:952: DeprecationWarning: The default date adapter is deprecated as of Python 3.12; see the sqlite3 documentation for suggested replacement recipes
    cursor.execute(statement, parameters)

-- Docs: https://docs.pytest.org/en/stable/how-to/capture-warnings.html
=========================== short test summary info ===========================
FAILED tests/test_accounts.py::TestAccountCRUD::test_create_checking_account
FAILED tests/test_accounts.py::TestAccountCRUD::test_create_debt_auto_calculates_min_payment
FAILED tests/test_accounts.py::TestAccountCRUD::test_delete_account - sqlalch...
ERROR tests/test_accounts.py::TestAccountCRUD::test_get_accounts_returns_list
ERROR tests/test_accounts.py::TestAccountCRUD::test_update_account_balance - ...
ERROR tests/test_dashboard.py::TestDashboardMetrics::test_dashboard_returns_required_fields
ERROR tests/test_dashboard.py::TestDashboardMetrics::test_dashboard_with_debt_shows_velocity_target
============== 3 failed, 2 passed, 3 warnings, 4 errors in 3.33s ==============
